HI-TECH Software C Compiler 

Linker command line:

--edf=C:\Program Files (x86)\HI-TECH Software\PICC\9.82\dat\en_msgs.txt -cs \
  -h+202121365038.sym -z -Q16F877A -ol.obj -M202121365038.map -E1 \
  -ACONST=00h-0FFhx32 -ACODE=00h-07FFhx4 -ASTRCODE=00h-01FFFh \
  -AENTRY=00h-0FFhx32 -ASTRING=00h-0FFhx32 -ABANK0=020h-06Fh \
  -ABANK1=0A0h-0EFh -ABANK2=0110h-016Fh -ABANK3=0190h-01EFh \
  -ARAM=020h-06Fh,0A0h-0EFh,0110h-016Fh,0190h-01EFh \
  -AABS1=020h-07Fh,0A0h-0EFh,0110h-016Fh,0190h-01EFh -ACOMMON=070h-07Fh \
  -ASFR0=00h-01Fh -ASFR1=080h-09Fh -ASFR2=0100h-010Fh -ASFR3=0180h-018Fh \
  -preset_vec=00h,intentry=04h,init,end_init -ppowerup=CODE -pfunctab=CODE \
  -ACONFIG=02007h-02007h -pconfig=CONFIG -DCONFIG=2 -AIDLOC=02000h-02003h \
  -pidloc=IDLOC -DIDLOC=2 -AEEDATA=00h-0FFh/02100h -peeprom_data=EEDATA \
  -DEEDATA=2 -DCODE=2 -DSTRCODE=2 -DSTRING=2 -DCONST=2 -DENTRY=2 -k \
  startup.obj 202121365038.obj 

Object code version is 3.10

Machine type is 16F877A



                Name                               Link     Load   Length Selector   Space Scale
startup.obj     end_init                             12       12        3        8       0
                reset_vec                             0        0        3        0       0
202121365038.obj
                intentry                              4        4        E        8       0
                text193                              48       48       12        8       0
                cstackCOMMON                         70       70        6       70       1
                clrtext                              63       63        8       C6       0
                bssBANK0                             20       20       1E       20       1
                bssCOMMON                            76       76        5       70       1
                bitbssCOMMON                        3D8       7B        1       70       1     8
                cinit                                35       35       13        8       0
                strings                              5A       5A        9       B4       0
                maintext                             15       15       20        8       0

TOTAL           Name                               Link     Load   Length     Space
        CLASS   CONST          

        CLASS   CODE           
                end_init                             12       12        3         0
                intentry                              4        4        E         0
                reset_vec                             0        0        3         0
                text193                              48       48       12         0
                clrtext                              63       63        8         0
                cinit                                35       35       13         0
                maintext                             15       15       20         0

        CLASS   STRCODE        

        CLASS   ENTRY          

        CLASS   STRING         
                strings                              5A       5A        9         0

        CLASS   BANK0          
                bssBANK0                             20       20       1E         1

        CLASS   BANK1          

        CLASS   BANK2          

        CLASS   BANK3          

        CLASS   RAM            

        CLASS   ABS1           
                abs_s1                               7E       7E        2         1

        CLASS   COMMON         
                cstackCOMMON                         70       70        6         1
                bssCOMMON                            76       76        5         1
                bitbssCOMMON                        3D8       7B        1         1

        CLASS   SFR0           

        CLASS   SFR1           

        CLASS   SFR2           

        CLASS   SFR3           

        CLASS   CONFIG         

        CLASS   IDLOC          

        CLASS   EEDATA         



SEGMENTS        Name                           Load    Length   Top    Selector   Space  Class     Delta

                reset_vec                      000000  000003  000003         0       0  CODE        2
                intentry                       000004  000056  00005A         8       0  CODE        2
                bssBANK0                       000020  00001E  00003E        20       1  BANK0       1
                cstackCOMMON                   000070  00000C  00007C        70       1  COMMON      1
                strings                        00005A  000009  000063        B4       0  STRING      2
                clrtext                        000063  000008  00006B        C6       0  CODE        2


UNUSED ADDRESS RANGES

        Name                Unused          Largest block    Delta
        BANK0            03E-06F            32           1
        BANK1            0A0-0EF            50           1
        BANK2            110-16F            60           1
        BANK3            190-1EF            60           1
        CODE             003-003             1           2
                         06B-1FFF           800
        COMMON           07C-07D             2           1
        CONFIG           2007-2007             1           2
        CONST            003-003             1           2
                         06B-1FFF           100
        EEDATA           2100-21FF           100           2
        ENTRY            003-003             1           2
                         06B-1FFF           100
        IDLOC            2000-2003             4           2
        RAM              03E-06F            32           1
                         0A0-0EF            50
                         110-16F            60
                         190-1EF            60
        SFR0             000-01F            20           1
        SFR1             080-09F            20           1
        SFR2             100-10F            10           1
        SFR3             180-18F            10           1
        STRCODE          003-003             1           2
                         06B-1FFF          1F95
        STRING           003-003             1           2
                         06B-1FFF           100

                                  Symbol Table

??_IIC                cstackCOMMON 070  ??_main               cstackBANK0  000
?_IIC                 cstackCOMMON 070  ?_main                cstackCOMMON 070
IIC@temp              cstackCOMMON 075  _ADCON1               (abs)        09F
_CARRY                (abs)        018  _CCP1CON              (abs)        017
_CCP2CON              (abs)        01D  _CCPR1L               (abs)        015
_CCPR2L               (abs)        01B  _EEADR                (abs)        10D
_EECON1               (abs)        18C  _EECON2               (abs)        18D
_EEDATA               (abs)        10C  _GIE                  (abs)        05F
_IIC                  text193      048  _INTE                 (abs)        05C
_INTF                 (abs)        059  _Key_Val              bssCOMMON    076
_OPTION_REG           (abs)        081  _PEIE                 (abs)        05E
_PORTB                (abs)        006  _PORTD                (abs)        008
_PR2                  (abs)        092  _RA0                  (abs)        028
_RA1                  (abs)        029  _RA2                  (abs)        02A
_RA3                  (abs)        02B  _RA5                  (abs)        02D
_RBIE                 (abs)        05B  _RBIF                 (abs)        058
_RBIF_FLAG            bitbssCOMMON 3D8  _RCIE                 (abs)        465
_RCSTA                (abs)        018  _RD                   (abs)        C60
_SPBRG                (abs)        099  _SSPADD               (abs)        093
_SSPBUF               (abs)        013  _SSPCON               (abs)        014
_SSPCON2              (abs)        091  _SSPEN                (abs)        0A5
_SSPIE                (abs)        463  _SSPIF                (abs)        063
_SSPSTAT              (abs)        094  _Speed_measure1       bssCOMMON    077
_Speed_measure2       bssCOMMON    078  _T0IE                 (abs)        05D
_T0IF                 (abs)        05A  _T1CON                (abs)        010
_T2CON                (abs)        012  _TMR0                 (abs)        001
_TMR1H                (abs)        00F  _TMR1IE               (abs)        460
_TMR1IF               (abs)        060  _TMR1L                (abs)        00E
_TMR2                 (abs)        011  _TMR2IE               (abs)        461
_TMR2IF               (abs)        061  _TMR2ON               (abs)        092
_TRISA2               (abs)        42A  _TRISA3               (abs)        42B
_TRISA5               (abs)        42D  _TRISB                (abs)        086
_TRISB0               (abs)        430  _TRISB4               (abs)        434
_TRISB5               (abs)        435  _TRISB6               (abs)        436
_TRISB7               (abs)        437  _TRISC                (abs)        087
_TRISC1               (abs)        439  _TRISC2               (abs)        43A
_TRISC6               (abs)        43E  _TRISC7               (abs)        43F
_TRISD                (abs)        088  _TRMT                 (abs)        4C1
_TXREG                (abs)        019  _TXSTA                (abs)        098
_Velocity             bssBANK0     026  _WR                   (abs)        C61
_WREN                 (abs)        C62  __Habs1               abs1         000
__Hbank0              bank0        000  __Hbank1              bank1        000
__Hbank2              bank2        000  __Hbank3              bank3        000
__HbitbssCOMMON       bitbssCOMMON 000  __HbssBANK0           bssBANK0     000
__HbssCOMMON          bssCOMMON    000  __Hcinit              cinit        000
__Hclrtext            clrtext      000  __Hcode               code         000
__Hcommon             common       000  __Hconfig             config       000
__HcstackBANK0        cstackBANK0  000  __HcstackCOMMON       cstackCOMMON 000
__Heeprom_data        eeprom_data  000  __Hend_init           end_init     015
__Hfunctab            functab      000  __Hidloc              idloc        000
__Hinit               init         012  __Hintentry           intentry     012
__Hmaintext           maintext     000  __Hpowerup            powerup      000
__Hram                ram          000  __Hreset_vec          reset_vec    003
__Hsfr0               sfr0         000  __Hsfr1               sfr1         000
__Hsfr2               sfr2         000  __Hsfr3               sfr3         000
__Hstrings            strings      000  __Htext               text         000
__Labs1               abs1         000  __Lbank0              bank0        000
__Lbank1              bank1        000  __Lbank2              bank2        000
__Lbank3              bank3        000  __LbitbssCOMMON       bitbssCOMMON 000
__LbssBANK0           bssBANK0     000  __LbssCOMMON          bssCOMMON    000
__Lcinit              cinit        000  __Lclrtext            clrtext      000
__Lcode               code         000  __Lcommon             common       000
__Lconfig             config       000  __LcstackBANK0        cstackBANK0  000
__LcstackCOMMON       cstackCOMMON 000  __Leeprom_data        eeprom_data  000
__Lend_init           end_init     012  __Lfunctab            functab      000
__Lidloc              idloc        000  __Linit               init         012
__Lintentry           intentry     004  __Lmaintext           maintext     000
__Lpowerup            powerup      000  __Lram                ram          000
__Lreset_vec          reset_vec    000  __Lsfr0               sfr0         000
__Lsfr1               sfr1         000  __Lsfr2               sfr2         000
__Lsfr3               sfr3         000  __Lstrings            strings      000
__Ltext               text         000  __S0                  (abs)        06B
__S1                  (abs)        07C  __S2                  (abs)        000
__end_of_IIC          text193      05A  __end_of_main         maintext     035
__pbitbssCOMMON       bitbssCOMMON 3D8  __pbssBANK0           bssBANK0     020
__pbssCOMMON          bssCOMMON    076  __pcstackBANK0        cstackBANK0  000
__pcstackCOMMON       cstackCOMMON 070  __pintentry           intentry     004
__pmaintext           maintext     015  __pstrings            strings      05A
__ptext193            text193      048  __ptext194            text194      000
__size_of_IIC         (abs)        000  __size_of_main        (abs)        000
_exit                 init         012  _filt_velocity        bssBANK0     020
_last_filt_velocity   bssBANK0     023  _main                 maintext     015
_nRBPU                (abs)        40F  _x                    bssCOMMON    079
_y                    bssCOMMON    07A  btemp                 (abs)        07E
clear_ram             clrtext      063  end_of_initialization cinit        044
interrupt_function    intentry     004  intlevel0             functab      000
intlevel1             functab      000  intlevel2             functab      000
intlevel3             functab      000  intlevel4             functab      000
intlevel5             functab      000  reset_vec             reset_vec    000
saved_w               (abs)        07E  start                 init         012
start_initialization  cinit        035  wtemp0                (abs)        07E
