HI-TECH Software C Compiler 

Linker command line:

--edf=C:\Program Files (x86)\HI-TECH Software\PICC\9.82\dat\en_msgs.txt -cs \
  -h+202121365038.sym -z -Q16F877A -ol.obj -M202121365038.map -E1 \
  -ACONST=00h-0FFhx32 -ACODE=00h-07FFhx4 -ASTRCODE=00h-01FFFh \
  -AENTRY=00h-0FFhx32 -ASTRING=00h-0FFhx32 -ABANK0=020h-06Fh \
  -ABANK1=0A0h-0EFh -ABANK2=0110h-016Fh -ABANK3=0190h-01EFh \
  -ARAM=020h-06Fh,0A0h-0EFh,0110h-016Fh,0190h-01EFh \
  -AABS1=020h-07Fh,0A0h-0EFh,0110h-016Fh,0190h-01EFh -ACOMMON=070h-07Fh \
  -ASFR0=00h-01Fh -ASFR1=080h-09Fh -ASFR2=0100h-010Fh -ASFR3=0180h-018Fh \
  -preset_vec=00h,intentry=04h,init,end_init -ppowerup=CODE -pfunctab=CODE \
  -ACONFIG=02007h-02007h -pconfig=CONFIG -DCONFIG=2 -AIDLOC=02000h-02003h \
  -pidloc=IDLOC -DIDLOC=2 -AEEDATA=00h-0FFh/02100h -peeprom_data=EEDATA \
  -DEEDATA=2 -DCODE=2 -DSTRCODE=2 -DSTRING=2 -DCONST=2 -DENTRY=2 -k \
  startup.obj 202121365038.obj 

Object code version is 3.10

Machine type is 16F877A



                Name                               Link     Load   Length Selector   Space Scale
startup.obj     end_init                             12       12        3        8       0
                reset_vec                             0        0        3        0       0
202121365038.obj
                intentry                              4        4        E        8       0
                config                             2007     2007        1     400E       0
                text861                             FA0      FA0       60     1F40       0
                text860                             E47      E47        9     1C8E       0
                text859                             EA0      EA0       14     1D40       0
                text858                             F65      F65       3B     1ECA       0
                text857                             7F2      7F2        E        8       0
                text856                             E3A      E3A        5     1C74       0
                text855                             E6A      E6A       10     1CD4       0
                text854                             E5B      E5B        F     1CB6       0
                text853                             E50      E50        B     1CA0       0
                text852                             EB4      EB4       15     1D68       0
                text851                             73D      73D       76        8       0
                text850                             EE0      EE0       2C     1DC0       0
                text849                             6C0      6C0       7D        8       0
                text848                             61A      61A       A6        8       0
                text847                             EC9      EC9       17     1D92       0
                text846                             3E6      3E6      146        8       0
                text845                             52C      52C       EE        8       0
                text844                             F0C      F0C       2C     1E18       0
                text843                             24D      24D      199        8       0
                text842                              15       15      238        8       0
                maintext                            7B3      7B3       3F        8       0
                cstackBANK0                          20       20       43       20       1
                cstackCOMMON                         70       70        5       70       1
                cstackBANK1                          C6       C6        4       A0       1
                inittext                            E7A      E7A       13     1CF4       0
                clrtext                             E3F      E3F        8     1C7E       0
                dataBANK1                            B3       B3       13       A0       1
                bssBANK1                             A0       A0       13       A0       1
                dataBANK0                            6E       6E        1       20       1
                bssBANK0                             63       63        B       20       1
                bssCOMMON                            75       75        4       70       1
                bitbssCOMMON                        3C8       79        1       70       1     8
                cinit                               F38      F38       2D     1E70       0
                strings                             800      800        9     1000       0
                idataBANK1                          E8D      E8D       13     1D1A       0
                idataBANK0                            3        3        1        0       0

TOTAL           Name                               Link     Load   Length     Space
        CLASS   CONST          

        CLASS   CODE           
                end_init                             12       12        3         0
                intentry                              4        4        E         0
                reset_vec                             0        0        3         0
                text861                             FA0      FA0       60         0
                text860                             E47      E47        9         0
                text859                             EA0      EA0       14         0
                text858                             F65      F65       3B         0
                text857                             7F2      7F2        E         0
                text856                             E3A      E3A        5         0
                text855                             E6A      E6A       10         0
                text854                             E5B      E5B        F         0
                text853                             E50      E50        B         0
                text852                             EB4      EB4       15         0
                text851                             73D      73D       76         0
                text850                             EE0      EE0       2C         0
                text849                             6C0      6C0       7D         0
                text848                             61A      61A       A6         0
                text847                             EC9      EC9       17         0
                text846                             3E6      3E6      146         0
                text845                             52C      52C       EE         0
                text844                             F0C      F0C       2C         0
                text843                             24D      24D      199         0
                text842                              15       15      238         0
                maintext                            7B3      7B3       3F         0
                inittext                            E7A      E7A       13         0
                clrtext                             E3F      E3F        8         0
                cinit                               F38      F38       2D         0
                idataBANK1                          E8D      E8D       13         0
                idataBANK0                            3        3        1         0

        CLASS   STRCODE        

        CLASS   ENTRY          

        CLASS   STRING         
                strings                             800      800        9         0

        CLASS   BANK0          
                cstackBANK0                          20       20       43         1
                dataBANK0                            6E       6E        1         1
                bssBANK0                             63       63        B         1

        CLASS   BANK1          
                cstackBANK1                          C6       C6        4         1
                dataBANK1                            B3       B3       13         1
                bssBANK1                             A0       A0       13         1

        CLASS   BANK2          

        CLASS   BANK3          

        CLASS   RAM            

        CLASS   ABS1           
                abs_s1                               7E       7E        2         1

        CLASS   COMMON         
                cstackCOMMON                         70       70        5         1
                bssCOMMON                            75       75        4         1
                bitbssCOMMON                        3C8       79        1         1

        CLASS   SFR0           

        CLASS   SFR1           

        CLASS   SFR2           

        CLASS   SFR3           

        CLASS   CONFIG         
                config                             2007     2007        1         0

        CLASS   IDLOC          

        CLASS   EEDATA         



SEGMENTS        Name                           Load    Length   Top    Selector   Space  Class     Delta

                reset_vec                      000000  000004  000004         0       0  CODE        2
                intentry                       000004  0007FC  000800         8       0  CODE        2
                cstackBANK0                    000020  00004F  00006F        20       1  BANK0       1
                cstackCOMMON                   000070  00000A  00007A        70       1  COMMON      1
                bssBANK1                       0000A0  00002A  0000CA        A0       1  BANK1       1
                strings                        000800  000009  000809      1000       0  STRING      2
                text856                        000E3A  000005  000E3F      1C74       0  CODE        2
                clrtext                        000E3F  000008  000E47      1C7E       0  CODE        2
                text860                        000E47  000009  000E50      1C8E       0  CODE        2
                text853                        000E50  00000B  000E5B      1CA0       0  CODE        2
                text854                        000E5B  00000F  000E6A      1CB6       0  CODE        2
                text855                        000E6A  000010  000E7A      1CD4       0  CODE        2
                inittext                       000E7A  000013  000E8D      1CF4       0  CODE        2
                idataBANK1                     000E8D  000013  000EA0      1D1A       0  CODE        2
                text859                        000EA0  000014  000EB4      1D40       0  CODE        2
                text852                        000EB4  000015  000EC9      1D68       0  CODE        2
                text847                        000EC9  000017  000EE0      1D92       0  CODE        2
                text850                        000EE0  00002C  000F0C      1DC0       0  CODE        2
                text844                        000F0C  00002C  000F38      1E18       0  CODE        2
                cinit                          000F38  00002D  000F65      1E70       0  CODE        2
                text858                        000F65  00003B  000FA0      1ECA       0  CODE        2
                text861                        000FA0  000060  001000      1F40       0  CODE        2
                config                         002007  000001  002008      400E       0  CONFIG      2


UNUSED ADDRESS RANGES

        Name                Unused          Largest block    Delta
        BANK0            006F-006F              1           1
        BANK1            00CA-00EF             26           1
        BANK2            0110-016F             60           1
        BANK3            0190-01EF             60           1
        CODE             0809-0E39            631           2
                         1000-1FFF            800
        COMMON           007A-007D              4           1
        CONST            0809-0E39            100           2
                         1000-1FFF            100
        EEDATA           2100-21FF            100           2
        ENTRY            0809-0E39            100           2
                         1000-1FFF            100
        IDLOC            2000-2003              4           2
        RAM              006F-006F              1           1
                         00CA-00EF             26
                         0110-016F             60
                         0190-01EF             60
        SFR0             0000-001F             20           1
        SFR1             0080-009F             20           1
        SFR2             0100-010F             10           1
        SFR3             0180-018F             10           1
        STRCODE          0809-0E39            631           2
                         1000-1FFF           1000
        STRING           0809-0E39            100           2
                         1000-1FFF            100

                                  Symbol Table

??_Delay_ms                  cstackBANK0  0022
??_Encoder_Init              cstackBANK0  0020
??_Motor_CCP_PWM_Init        cstackBANK0  0020
??_Motor_GPIO_Init           cstackBANK0  0020
??_Motor_Speed_Set           cstackBANK0  0024
??_Service                   cstackCOMMON 0070
??_Start_PD                  cstackBANK0  0022
??_Trace_Control             cstackBANK1  00C6
??_Trace_GPIO_Init           cstackBANK0  0020
??_Trace_PID                 cstackBANK0  005B
??_Usart_GPIO_Init           cstackBANK0  0020
??_Usart_Init                cstackBANK0  0020
??___awtoft                  cstackBANK0  0039
??___ftadd                   cstackBANK0  0052
??___ftmul                   cstackBANK0  0042
??___ftpack                  cstackBANK0  0025
??___fttol                   cstackBANK0  002C
??___wmul                    cstackBANK0  0024
??_csb_init                  cstackBANK0  0020
??_main                      cstackBANK0  0063
??_putch                     cstackBANK0  0020
?_Delay_ms                   cstackBANK0  0020
?_Encoder_Init               cstackCOMMON 0070
?_Motor_CCP_PWM_Init         cstackCOMMON 0070
?_Motor_GPIO_Init            cstackCOMMON 0070
?_Motor_Speed_Set            cstackBANK0  0020
?_Service                    cstackCOMMON 0070
?_Start_PD                   cstackBANK0  0020
?_Trace_Control              cstackCOMMON 0070
?_Trace_GPIO_Init            cstackCOMMON 0070
?_Trace_PID                  cstackBANK0  0059
?_Usart_GPIO_Init            cstackCOMMON 0070
?_Usart_Init                 cstackCOMMON 0070
?___awtoft                   cstackBANK0  0036
?___ftadd                    cstackBANK0  004C
?___ftmul                    cstackBANK0  003C
?___ftpack                   cstackBANK0  0020
?___fttol                    cstackBANK0  0028
?___wmul                     cstackBANK0  0020
?_csb_init                   cstackCOMMON 0070
?_main                       cstackCOMMON 0070
?_putch                      cstackCOMMON 0070
Delay_ms@x                   cstackBANK0  0020
Motor_Speed_Set@Speed1       cstackBANK0  0020
Motor_Speed_Set@Speed2       cstackBANK0  0022
_ADCON1                      (abs)        009F
_Bifurcate_Flag              bssBANK1     00AE
_CARRY                       (abs)        0018
_CCP1CON                     (abs)        0017
_CCP2CON                     (abs)        001D
_CCPR1L                      (abs)        0015
_CCPR2L                      (abs)        001B
_Circle_Mode                 bssBANK0     0065
_Counter_temp                bssBANK1     00A0
_Delay_ms                    text847      0EC9
_EEADR                       (abs)        010D
_EECON1                      (abs)        018C
_EECON2                      (abs)        018D
_EEDATA                      (abs)        010C
_Encoder_Counter             bssBANK0     0063
_Encoder_Init                text854      0E5B
_GIE                         (abs)        005F
_INTE                        (abs)        005C
_INTF                        (abs)        0059
_IO_flag                     bssBANK0     0066
_Kd                          bssBANK1     00A2
_Key_Val                     bssBANK1     00AF
_Kp                          dataBANK1    00C3
_Motor_CCP_PWM_Init          text859      0EA0
_Motor_Flag                  bssBANK1     00B0
_Motor_GPIO_Init             text860      0E47
_Motor_Speed_Set             text858      0F65
_OPTION_REG                  (abs)        0081
_PEIE                        (abs)        005E
_PORTB                       (abs)        0006
_PORTD                       (abs)        0008
_PR2                         (abs)        0092
_RA0                         (abs)        0028
_RA1                         (abs)        0029
_RA2                         (abs)        002A
_RA3                         (abs)        002B
_RA4                         (abs)        002C
_RA5                         (abs)        002D
_RB4                         (abs)        0034
_RB5                         (abs)        0035
_RB6                         (abs)        0036
_RB7                         (abs)        0037
_RBIE                        (abs)        005B
_RBIF                        (abs)        0058
_RBIF_FLAG                   bitbssCOMMON 03C8
_RC0                         (abs)        0038
_RC3                         (abs)        003B
_RC4                         (abs)        003C
_RC5                         (abs)        003D
_RCIE                        (abs)        0465
_RCIF                        (abs)        0065
_RCREG                       (abs)        001A
_RCSTA                       (abs)        0018
_RD                          (abs)        0C60
_RE0                         (abs)        0048
_RE1                         (abs)        0049
_RE2                         (abs)        004A
_SPBRG                       (abs)        0099
_Service                     text861      0FA0
_Speed_Velcolity             dataBANK0    006E
_Speed_left                  bssBANK0     0067
_Speed_measure1              bssBANK1     00B1
_Speed_measure2              bssBANK1     00B2
_Speed_right                 bssBANK0     0068
_Start_Find_flag             bssBANK0     0069
_Start_PD                    text851      073D
_Stop_Flag                   bssBANK0     006A
_T0IE                        (abs)        005D
_T0IF                        (abs)        005A
_T1CON                       (abs)        0010
_T2CON                       (abs)        0012
_TMR0                        (abs)        0001
_TMR1H                       (abs)        000F
_TMR1IE                      (abs)        0460
_TMR1IF                      (abs)        0060
_TMR1L                       (abs)        000E
_TMR1ON                      (abs)        0080
_TMR2                        (abs)        0011
_TMR2IE                      (abs)        0461
_TMR2IF                      (abs)        0061
_TMR2ON                      (abs)        0092
_TRISA0                      (abs)        0428
_TRISA1                      (abs)        0429
_TRISA2                      (abs)        042A
_TRISA3                      (abs)        042B
_TRISA4                      (abs)        042C
_TRISA5                      (abs)        042D
_TRISB                       (abs)        0086
_TRISB0                      (abs)        0430
_TRISB1                      (abs)        0431
_TRISB4                      (abs)        0434
_TRISB5                      (abs)        0435
_TRISB6                      (abs)        0436
_TRISB7                      (abs)        0437
_TRISC0                      (abs)        0438
_TRISC1                      (abs)        0439
_TRISC2                      (abs)        043A
_TRISC3                      (abs)        043B
_TRISC4                      (abs)        043C
_TRISC5                      (abs)        043D
_TRISC6                      (abs)        043E
_TRISC7                      (abs)        043F
_TRISD                       (abs)        0088
_TRISE0                      (abs)        0448
_TRISE1                      (abs)        0449
_TRISE2                      (abs)        044A
_TRMT                        (abs)        04C1
_TXREG                       (abs)        0019
_TXSTA                       (abs)        0098
_Timer0_Counter              bssBANK1     00A4
_Trace_Byte                  bssBANK0     006B
_Trace_Control               text842      0015
_Trace_GPIO_Init             text853      0E50
_Trace_Mode                  bssBANK0     006C
_Trace_PID                   text843      024D
_Turn_PWM                    bssBANK0     006D
_Usart_GPIO_Init             text856      0E3A
_Usart_Init                  text855      0E6A
_WR                          (abs)        0C61
_WREN                        (abs)        0C62
__Habs1                      abs1         0000
__Hbank0                     bank0        0000
__Hbank1                     bank1        0000
__Hbank2                     bank2        0000
__Hbank3                     bank3        0000
__HbitbssCOMMON              bitbssCOMMON 0000
__HbssBANK0                  bssBANK0     0000
__HbssBANK1                  bssBANK1     0000
__HbssCOMMON                 bssCOMMON    0000
__Hcinit                     cinit        0000
__Hclrtext                   clrtext      0000
__Hcode                      code         0000
__Hcommon                    common       0000
__Hconfig                    config       2008
__HcstackBANK0               cstackBANK0  0000
__HcstackBANK1               cstackBANK1  0000
__HcstackCOMMON              cstackCOMMON 0000
__HdataBANK0                 dataBANK0    0000
__HdataBANK1                 dataBANK1    0000
__Heeprom_data               eeprom_data  0000
__Hend_init                  end_init     0015
__Hfunctab                   functab      0000
__HidataBANK0                idataBANK0   0000
__HidataBANK1                idataBANK1   0000
__Hidloc                     idloc        0000
__Hinit                      init         0012
__Hinittext                  inittext     0000
__Hintentry                  intentry     0012
__Hmaintext                  maintext     0000
__Hpowerup                   powerup      0000
__Hram                       ram          0000
__Hreset_vec                 reset_vec    0003
__Hsfr0                      sfr0         0000
__Hsfr1                      sfr1         0000
__Hsfr2                      sfr2         0000
__Hsfr3                      sfr3         0000
__Hstrings                   strings      0000
__Htext                      text         0000
__Labs1                      abs1         0000
__Lbank0                     bank0        0000
__Lbank1                     bank1        0000
__Lbank2                     bank2        0000
__Lbank3                     bank3        0000
__LbitbssCOMMON              bitbssCOMMON 0000
__LbssBANK0                  bssBANK0     0000
__LbssBANK1                  bssBANK1     0000
__LbssCOMMON                 bssCOMMON    0000
__Lcinit                     cinit        0000
__Lclrtext                   clrtext      0000
__Lcode                      code         0000
__Lcommon                    common       0000
__Lconfig                    config       2007
__LcstackBANK0               cstackBANK0  0000
__LcstackBANK1               cstackBANK1  0000
__LcstackCOMMON              cstackCOMMON 0000
__LdataBANK0                 dataBANK0    0000
__LdataBANK1                 dataBANK1    0000
__Leeprom_data               eeprom_data  0000
__Lend_init                  end_init     0012
__Lfunctab                   functab      0000
__LidataBANK0                idataBANK0   0000
__LidataBANK1                idataBANK1   0000
__Lidloc                     idloc        0000
__Linit                      init         0012
__Linittext                  inittext     0000
__Lintentry                  intentry     0004
__Lmaintext                  maintext     0000
__Lpowerup                   powerup      0000
__Lram                       ram          0000
__Lreset_vec                 reset_vec    0000
__Lsfr0                      sfr0         0000
__Lsfr1                      sfr1         0000
__Lsfr2                      sfr2         0000
__Lsfr3                      sfr3         0000
__Lstrings                   strings      0000
__Ltext                      text         0000
__S0                         (abs)        2008
__S1                         (abs)        00CA
__S2                         (abs)        0000
___awtoft                    text844      0F0C
___awtoft@c                  cstackBANK0  0036
___awtoft@sign               cstackBANK0  003B
___ftadd                     text846      03E6
___ftadd@exp1                cstackBANK0  0058
___ftadd@exp2                cstackBANK0  0057
___ftadd@f1                  cstackBANK0  004C
___ftadd@f2                  cstackBANK0  004F
___ftadd@sign                cstackBANK0  0056
___ftmul                     text845      052C
___ftmul@cntr                cstackBANK0  004A
___ftmul@exp                 cstackBANK0  0046
___ftmul@f1                  cstackBANK0  003C
___ftmul@f2                  cstackBANK0  003F
___ftmul@f3_as_product       cstackBANK0  0047
___ftmul@sign                cstackBANK0  004B
___ftpack                    text849      06C0
___ftpack@arg                cstackBANK0  0020
___ftpack@exp                cstackBANK0  0023
___ftpack@sign               cstackBANK0  0024
___fttol                     text848      061A
___fttol@exp1                cstackBANK0  0035
___fttol@f1                  cstackBANK0  0028
___fttol@lval                cstackBANK0  0031
___fttol@sign1               cstackBANK0  0030
___wmul                      text850      0EE0
___wmul@multiplicand         cstackBANK0  0022
___wmul@multiplier           cstackBANK0  0020
___wmul@product              cstackBANK0  0024
__end_of_Delay_ms            text847      0EE0
__end_of_Encoder_Init        text854      0E6A
__end_of_Motor_CCP_PWM_Init  text859      0EB4
__end_of_Motor_GPIO_Init     text860      0E50
__end_of_Motor_Speed_Set     text858      0FA0
__end_of_Service             text861      1000
__end_of_Start_PD            text851      07B3
__end_of_Trace_Control       text842      024D
__end_of_Trace_GPIO_Init     text853      0E5B
__end_of_Trace_PID           text843      03E6
__end_of_Usart_GPIO_Init     text856      0E3F
__end_of_Usart_Init          text855      0E7A
__end_of___awtoft            text844      0F38
__end_of___ftadd             text846      052C
__end_of___ftmul             text845      061A
__end_of___ftpack            text849      073D
__end_of___fttol             text848      06C0
__end_of___wmul              text850      0F0C
__end_of_csb_init            text852      0EC9
__end_of_main                maintext     07F2
__end_of_putch               text857      0800
__pbitbssCOMMON              bitbssCOMMON 03C8
__pbssBANK0                  bssBANK0     0063
__pbssBANK1                  bssBANK1     00A0
__pbssCOMMON                 bssCOMMON    0075
__pcstackBANK0               cstackBANK0  0020
__pcstackBANK1               cstackBANK1  00C6
__pcstackCOMMON              cstackCOMMON 0070
__pdataBANK0                 dataBANK0    006E
__pdataBANK1                 dataBANK1    00B3
__pidataBANK0                idataBANK0   0003
__pidataBANK1                idataBANK1   0E8D
__pintentry                  intentry     0004
__pmaintext                  maintext     07B3
__pstrings                   strings      0800
__ptext842                   text842      0015
__ptext843                   text843      024D
__ptext844                   text844      0F0C
__ptext845                   text845      052C
__ptext846                   text846      03E6
__ptext847                   text847      0EC9
__ptext848                   text848      061A
__ptext849                   text849      06C0
__ptext850                   text850      0EE0
__ptext851                   text851      073D
__ptext852                   text852      0EB4
__ptext853                   text853      0E50
__ptext854                   text854      0E5B
__ptext855                   text855      0E6A
__ptext856                   text856      0E3A
__ptext857                   text857      07F2
__ptext858                   text858      0F65
__ptext859                   text859      0EA0
__ptext860                   text860      0E47
__ptext861                   text861      0FA0
__ptext862                   text862      0000
__size_of_Delay_ms           (abs)        0000
__size_of_Encoder_Init       (abs)        0000
__size_of_Motor_CCP_PWM_Init (abs)        0000
__size_of_Motor_GPIO_Init    (abs)        0000
__size_of_Motor_Speed_Set    (abs)        0000
__size_of_Service            (abs)        0000
__size_of_Start_PD           (abs)        0000
__size_of_Trace_Control      (abs)        0000
__size_of_Trace_GPIO_Init    (abs)        0000
__size_of_Trace_PID          (abs)        0000
__size_of_Usart_GPIO_Init    (abs)        0000
__size_of_Usart_Init         (abs)        0000
__size_of___awtoft           (abs)        0000
__size_of___ftadd            (abs)        0000
__size_of___ftmul            (abs)        0000
__size_of___ftpack           (abs)        0000
__size_of___fttol            (abs)        0000
__size_of___wmul             (abs)        0000
__size_of_csb_init           (abs)        0000
__size_of_main               (abs)        0000
__size_of_putch              (abs)        0000
_bluetooth                   bssCOMMON    0075
_csb_init                    text852      0EB4
_dis                         bssBANK1     00A6
_err_difference              bssBANK1     00A8
_exit                        init         0012
_last_err                    bssBANK1     00AA
_main                        maintext     07B3
_nRBPU                       (abs)        040F
_putch                       text857      07F2
_recv_data                   bssCOMMON    0076
_table                       dataBANK1    00B3
_turn_err                    bssBANK1     00AC
_x                           bssCOMMON    0077
_y                           bssCOMMON    0078
btemp                        (abs)        007E
clear_ram                    clrtext      0E3F
end_of_initialization        cinit        0F61
init_fetch                   inittext     0E7A
init_ram                     inittext     0E7E
interrupt_function           intentry     0004
intlevel0                    functab      0000
intlevel1                    functab      0000
intlevel2                    functab      0000
intlevel3                    functab      0000
intlevel4                    functab      0000
intlevel5                    functab      0000
putch@ch                     cstackBANK0  0020
reset_vec                    reset_vec    0000
saved_w                      (abs)        007E
start                        init         0012
start_initialization         cinit        0F38
wtemp0                       (abs)        007E
