HI-TECH Software C Compiler 

Linker command line:

--edf=C:\Program Files (x86)\HI-TECH Software\PICC\9.82\dat\en_msgs.txt -cs \
  -h+202121365038.sym -z -Q16F877A -ol.obj -M202121365038.map -E1 \
  -ACONST=00h-0FFhx32 -ACODE=00h-07FFhx4 -ASTRCODE=00h-01FFFh \
  -AENTRY=00h-0FFhx32 -ASTRING=00h-0FFhx32 -ABANK0=020h-06Fh \
  -ABANK1=0A0h-0EFh -ABANK2=0110h-016Fh -ABANK3=0190h-01EFh \
  -ARAM=020h-06Fh,0A0h-0EFh,0110h-016Fh,0190h-01EFh \
  -AABS1=020h-07Fh,0A0h-0EFh,0110h-016Fh,0190h-01EFh -ACOMMON=070h-07Fh \
  -ASFR0=00h-01Fh -ASFR1=080h-09Fh -ASFR2=0100h-010Fh -ASFR3=0180h-018Fh \
  -preset_vec=00h,intentry=04h,init,end_init -ppowerup=CODE -pfunctab=CODE \
  -ACONFIG=02007h-02007h -pconfig=CONFIG -DCONFIG=2 -AIDLOC=02000h-02003h \
  -pidloc=IDLOC -DIDLOC=2 -AEEDATA=00h-0FFh/02100h -peeprom_data=EEDATA \
  -DEEDATA=2 -DCODE=2 -DSTRCODE=2 -DSTRING=2 -DCONST=2 -DENTRY=2 -k \
  startup.obj 202121365038.obj 

Object code version is 3.10

Machine type is 16F877A



                Name                               Link     Load   Length Selector   Space Scale
startup.obj     end_init                             12       12        3        8       0
                reset_vec                             0        0        3        0       0
202121365038.obj
                intentry                              4        4        E        8       0
                config                             2007     2007        1     400E       0
                text1018                            EC9      EC9       37     1D92       0
                text1017                            E07      E07       1C     1C0E       0
                text1016                            D53      D53        9     1AA6       0
                text1015                            D5C      D5C        9     1AB8       0
                text1014                            DC7      DC7       14     1B8E       0
                text1013                            F00      F00       3B     1E00       0
                text1012                            D65      D65        E     1ACA       0
                text1011                            D46      D46        5     1A8C       0
                text1010                            D82      D82       10     1B04       0
                text1009                            D73      D73        F     1AE6       0
                text1008                            DDB      DDB       15     1BB6       0
                text1007                            70B      70B       8A        8       0
                text1006                            E71      E71       2C     1CE2       0
                text1005                            F83      F83       7D     1F06       0
                text1004                            665      665       A6        8       0
                text1003                            D92      D92       11     1B24       0
                text1002                            DA3      DA3       11     1B46       0
                text1001                            795      795       58        8       0
                text1000                            DF0      DF0       17     1BE0       0
                text999                             431      431      146        8       0
                text998                             577      577       EE        8       0
                text997                             E9D      E9D       2C     1D3A       0
                text996                             E23      E23       27     1C46       0
                text995                             F3B      F3B       48     1E76       0
                text994                             298      298      199        8       0
                maintext                             15       15      283        8       0
                cstackBANK0                          20       20       43       20       1
                cstackCOMMON                         70       70        5       70       1
                cstackBANK1                          E0       E0        4       A0       1
                inittext                            DB4      DB4       13     1B68       0
                clrtext                             D4B      D4B        8     1A96       0
                dataBANK1                            CD       CD       13       A0       1
                bssBANK1                             A0       A0       2D       A0       1
                bssBANK0                             63       63        C       20       1
                bssCOMMON                            75       75        4       70       1
                bitbssCOMMON                        3C8       79        1       70       1     8
                cinit                               E4A      E4A       27     1C94       0
                strings                             800      800       28     1000       0
                idataBANK1                          7ED      7ED       13        8       0

TOTAL           Name                               Link     Load   Length     Space
        CLASS   CONST          

        CLASS   CODE           
                end_init                             12       12        3         0
                intentry                              4        4        E         0
                reset_vec                             0        0        3         0
                text1018                            EC9      EC9       37         0
                text1017                            E07      E07       1C         0
                text1016                            D53      D53        9         0
                text1015                            D5C      D5C        9         0
                text1014                            DC7      DC7       14         0
                text1013                            F00      F00       3B         0
                text1012                            D65      D65        E         0
                text1011                            D46      D46        5         0
                text1010                            D82      D82       10         0
                text1009                            D73      D73        F         0
                text1008                            DDB      DDB       15         0
                text1007                            70B      70B       8A         0
                text1006                            E71      E71       2C         0
                text1005                            F83      F83       7D         0
                text1004                            665      665       A6         0
                text1003                            D92      D92       11         0
                text1002                            DA3      DA3       11         0
                text1001                            795      795       58         0
                text1000                            DF0      DF0       17         0
                text999                             431      431      146         0
                text998                             577      577       EE         0
                text997                             E9D      E9D       2C         0
                text996                             E23      E23       27         0
                text995                             F3B      F3B       48         0
                text994                             298      298      199         0
                maintext                             15       15      283         0
                inittext                            DB4      DB4       13         0
                clrtext                             D4B      D4B        8         0
                cinit                               E4A      E4A       27         0
                idataBANK1                          7ED      7ED       13         0

        CLASS   STRCODE        

        CLASS   ENTRY          

        CLASS   STRING         
                strings                             800      800       28         0

        CLASS   BANK0          
                cstackBANK0                          20       20       43         1
                bssBANK0                             63       63        C         1

        CLASS   BANK1          
                cstackBANK1                          E0       E0        4         1
                dataBANK1                            CD       CD       13         1
                bssBANK1                             A0       A0       2D         1

        CLASS   BANK2          

        CLASS   BANK3          

        CLASS   RAM            

        CLASS   ABS1           
                abs_s1                               7E       7E        2         1

        CLASS   COMMON         
                cstackCOMMON                         70       70        5         1
                bssCOMMON                            75       75        4         1
                bitbssCOMMON                        3C8       79        1         1

        CLASS   SFR0           

        CLASS   SFR1           

        CLASS   SFR2           

        CLASS   SFR3           

        CLASS   CONFIG         
                config                             2007     2007        1         0

        CLASS   IDLOC          

        CLASS   EEDATA         



SEGMENTS        Name                           Load    Length   Top    Selector   Space  Class     Delta

                reset_vec                      000000  000003  000003         0       0  CODE        2
                intentry                       000004  0007FC  000800         8       0  CODE        2
                cstackBANK0                    000020  00004F  00006F        20       1  BANK0       1
                cstackCOMMON                   000070  00000A  00007A        70       1  COMMON      1
                bssBANK1                       0000A0  000044  0000E4        A0       1  BANK1       1
                strings                        000800  000028  000828      1000       0  STRING      2
                text1011                       000D46  000005  000D4B      1A8C       0  CODE        2
                clrtext                        000D4B  000008  000D53      1A96       0  CODE        2
                text1016                       000D53  000009  000D5C      1AA6       0  CODE        2
                text1015                       000D5C  000009  000D65      1AB8       0  CODE        2
                text1012                       000D65  00000E  000D73      1ACA       0  CODE        2
                text1009                       000D73  00000F  000D82      1AE6       0  CODE        2
                text1010                       000D82  000010  000D92      1B04       0  CODE        2
                text1003                       000D92  000011  000DA3      1B24       0  CODE        2
                text1002                       000DA3  000011  000DB4      1B46       0  CODE        2
                inittext                       000DB4  000013  000DC7      1B68       0  CODE        2
                text1014                       000DC7  000014  000DDB      1B8E       0  CODE        2
                text1008                       000DDB  000015  000DF0      1BB6       0  CODE        2
                text1000                       000DF0  000017  000E07      1BE0       0  CODE        2
                text1017                       000E07  00001C  000E23      1C0E       0  CODE        2
                text996                        000E23  000027  000E4A      1C46       0  CODE        2
                cinit                          000E4A  000027  000E71      1C94       0  CODE        2
                text1006                       000E71  00002C  000E9D      1CE2       0  CODE        2
                text997                        000E9D  00002C  000EC9      1D3A       0  CODE        2
                text1018                       000EC9  000037  000F00      1D92       0  CODE        2
                text1013                       000F00  00003B  000F3B      1E00       0  CODE        2
                text995                        000F3B  000048  000F83      1E76       0  CODE        2
                text1005                       000F83  00007D  001000      1F06       0  CODE        2
                config                         002007  000001  002008      400E       0  CONFIG      2


UNUSED ADDRESS RANGES

        Name                Unused          Largest block    Delta
        BANK0            006F-006F              1           1
        BANK1            00E4-00EF              C           1
        BANK2            0110-016F             60           1
        BANK3            0190-01EF             60           1
        CODE             0003-0003              1           2
                         0828-0D45            51E
                         1000-1FFF            800
        COMMON           007A-007D              4           1
        CONST            0003-0003              1           2
                         0828-0D45            100
                         1000-1FFF            100
        EEDATA           2100-21FF            100           2
        ENTRY            0003-0003              1           2
                         0828-0D45            100
                         1000-1FFF            100
        IDLOC            2000-2003              4           2
        RAM              006F-006F              1           1
                         00E4-00EF              C
                         0110-016F             60
                         0190-01EF             60
        SFR0             0000-001F             20           1
        SFR1             0080-009F             20           1
        SFR2             0100-010F             10           1
        SFR3             0180-018F             10           1
        STRCODE          0003-0003              1           2
                         0828-0D45            51E
                         1000-1FFF           1000
        STRING           0003-0003              1           2
                         0828-0D45            100
                         1000-1FFF            100

                                  Symbol Table

??_Delay_ms                    cstackBANK0  0022
??_Encoder_Init                cstackBANK0  0020
??_LCD1602_Delay               cstackBANK0  0020
??_LCD1602_GPIO_Init           cstackBANK0  0020
??_LCD1602_Init                cstackBANK0  0023
??_LCD1602_WriteCommand        cstackBANK0  0022
??_LCD1602_WriteData           cstackBANK0  0022
??_LCD1602_WriteString         cstackBANK0  0025
??_Motor_CCP_PWM_Init          cstackBANK0  0020
??_Motor_GPIO_Init             cstackBANK0  0020
??_Motor_Speed_Set             cstackBANK0  0024
??_Service                     cstackCOMMON 0070
??_Start_PD                    cstackBANK0  0022
??_Trace_PID                   cstackBANK0  005B
??_Usart_GPIO_Init             cstackBANK0  0020
??_Usart_Init                  cstackBANK0  0020
??___awtoft                    cstackBANK0  0039
??___ftadd                     cstackBANK0  0052
??___ftmul                     cstackBANK0  0042
??___ftpack                    cstackBANK0  0025
??___fttol                     cstackBANK0  002C
??___wmul                      cstackBANK0  0024
??_csb_init                    cstackBANK0  0020
??_main                        cstackBANK1  00E0
??_printf                      cstackBANK0  0023
??_putch                       cstackBANK0  0020
?_Delay_ms                     cstackBANK0  0020
?_Encoder_Init                 cstackCOMMON 0070
?_LCD1602_Delay                cstackCOMMON 0070
?_LCD1602_GPIO_Init            cstackCOMMON 0070
?_LCD1602_Init                 cstackCOMMON 0070
?_LCD1602_WriteCommand         cstackCOMMON 0070
?_LCD1602_WriteData            cstackCOMMON 0070
?_LCD1602_WriteString          cstackBANK0  0023
?_Motor_CCP_PWM_Init           cstackCOMMON 0070
?_Motor_GPIO_Init              cstackCOMMON 0070
?_Motor_Speed_Set              cstackBANK0  0020
?_Service                      cstackCOMMON 0070
?_Start_PD                     cstackBANK0  0020
?_Trace_PID                    cstackBANK0  0059
?_Usart_GPIO_Init              cstackCOMMON 0070
?_Usart_Init                   cstackCOMMON 0070
?___awtoft                     cstackBANK0  0036
?___ftadd                      cstackBANK0  004C
?___ftmul                      cstackBANK0  003C
?___ftpack                     cstackBANK0  0020
?___fttol                      cstackBANK0  0028
?___wmul                       cstackBANK0  0020
?_csb_init                     cstackCOMMON 0070
?_main                         cstackCOMMON 0070
?_printf                       cstackBANK0  0021
?_putch                        cstackCOMMON 0070
Delay_ms@x                     cstackBANK0  0020
LCD1602_Delay@i                cstackBANK0  0020
LCD1602_WriteCommand@Command   cstackBANK0  0022
LCD1602_WriteData@Data         cstackBANK0  0022
LCD1602_WriteString@Location   cstackBANK0  0026
LCD1602_WriteString@String     cstackBANK0  0024
LCD1602_WriteString@column     cstackBANK0  0023
LCD1602_WriteString@row        cstackBANK0  0027
Motor_Speed_Set@Speed1         cstackBANK0  0020
Motor_Speed_Set@Speed2         cstackBANK0  0022
Start_PD@Trace_Mode            cstackBANK0  002A
_ADCON1                        (abs)        009F
_Bifurcate_Flag                bssBANK1     00C6
_CARRY                         (abs)        0018
_CCP1CON                       (abs)        0017
_CCP2CON                       (abs)        001D
_CCPR1L                        (abs)        0015
_CCPR2L                        (abs)        001B
_Circle_Mode                   bssBANK0     0067
_Counter_temp                  bssBANK1     00A8
_Delay_ms                      text1000     0DF0
_EEADR                         (abs)        010D
_EECON1                        (abs)        018C
_EECON2                        (abs)        018D
_EEDATA                        (abs)        010C
_Encoder_Counter               bssBANK0     0063
_Encoder_Init                  text1009     0D73
_GIE                           (abs)        005F
_INTE                          (abs)        005C
_INTF                          (abs)        0059
_IO_flag                       bssBANK0     0068
_Kd                            bssBANK1     00AA
_KeyNum                        bssBANK1     00C7
_Key_Val                       bssBANK0     0069
_Kp                            dataBANK1    00DD
_LCD1602_Delay                 text1017     0E07
_LCD1602_GPIO_Init             text1016     0D53
_LCD1602_Init                  text996      0E23
_LCD1602_WriteCommand          text1003     0D92
_LCD1602_WriteData             text1002     0DA3
_LCD1602_WriteString           text995      0F3B
_Motor_CCP_PWM_Init            text1014     0DC7
_Motor_Flag                    bssBANK1     00C8
_Motor_GPIO_Init               text1015     0D5C
_Motor_Speed_Set               text1013     0F00
_OPTION_REG                    (abs)        0081
_PEIE                          (abs)        005E
_PORTB                         (abs)        0006
_PORTD                         (abs)        0008
_PR2                           (abs)        0092
_PWM                           bssBANK1     00AC
_PWM1                          bssBANK1     00AE
_PWM2                          bssBANK1     00B0
_RA0                           (abs)        0028
_RA1                           (abs)        0029
_RA2                           (abs)        002A
_RA3                           (abs)        002B
_RA4                           (abs)        002C
_RA5                           (abs)        002D
_RB4                           (abs)        0034
_RB5                           (abs)        0035
_RB6                           (abs)        0036
_RB7                           (abs)        0037
_RBIE                          (abs)        005B
_RBIF                          (abs)        0058
_RBIF_FLAG                     bitbssCOMMON 03C8
_RC0                           (abs)        0038
_RC3                           (abs)        003B
_RC4                           (abs)        003C
_RC5                           (abs)        003D
_RCIE                          (abs)        0465
_RCIF                          (abs)        0065
_RCREG                         (abs)        001A
_RCSTA                         (abs)        0018
_RD                            (abs)        0C60
_RE0                           (abs)        0048
_RE1                           (abs)        0049
_RE2                           (abs)        004A
_SPBRG                         (abs)        0099
_Service                       text1018     0EC9
_Speed                         bssBANK1     00B2
_Speed_Set                     bssBANK1     00B4
_Speed_Velcolity               bssBANK1     00C9
_Speed_left                    bssBANK0     006A
_Speed_measure1                bssBANK1     00CA
_Speed_measure2                bssBANK1     00CB
_Speed_right                   bssBANK0     006B
_Start_Find_flag               bssBANK0     006C
_Start_PD                      text1007     070B
_Stop_Flag                     bssBANK0     006D
_T0IE                          (abs)        005D
_T0IF                          (abs)        005A
_T1CON                         (abs)        0010
_T2CON                         (abs)        0012
_TMR0                          (abs)        0001
_TMR1H                         (abs)        000F
_TMR1IE                        (abs)        0460
_TMR1IF                        (abs)        0060
_TMR1L                         (abs)        000E
_TMR1ON                        (abs)        0080
_TMR2                          (abs)        0011
_TMR2IE                        (abs)        0461
_TMR2IF                        (abs)        0061
_TMR2ON                        (abs)        0092
_TRISA0                        (abs)        0428
_TRISA1                        (abs)        0429
_TRISA2                        (abs)        042A
_TRISA3                        (abs)        042B
_TRISA4                        (abs)        042C
_TRISA5                        (abs)        042D
_TRISB                         (abs)        0086
_TRISB0                        (abs)        0430
_TRISB1                        (abs)        0431
_TRISB3                        (abs)        0433
_TRISB4                        (abs)        0434
_TRISB5                        (abs)        0435
_TRISB6                        (abs)        0436
_TRISB7                        (abs)        0437
_TRISC0                        (abs)        0438
_TRISC1                        (abs)        0439
_TRISC2                        (abs)        043A
_TRISC3                        (abs)        043B
_TRISC4                        (abs)        043C
_TRISC5                        (abs)        043D
_TRISC6                        (abs)        043E
_TRISC7                        (abs)        043F
_TRISD                         (abs)        0088
_TRISE0                        (abs)        0448
_TRISE1                        (abs)        0449
_TRISE2                        (abs)        044A
_TRMT                          (abs)        04C1
_TXREG                         (abs)        0019
_TXSTA                         (abs)        0098
_Timer0_Counter                bssBANK1     00B6
_Trace_Byte                    bssBANK0     006E
_Trace_PID                     text994      0298
_Turn                          bssBANK1     00B8
_Turn_PWM                      bssBANK0     0065
_Usart_GPIO_Init               text1011     0D46
_Usart_Init                    text1010     0D82
_WR                            (abs)        0C61
_WREN                          (abs)        0C62
__Habs1                        abs1         0000
__Hbank0                       bank0        0000
__Hbank1                       bank1        0000
__Hbank2                       bank2        0000
__Hbank3                       bank3        0000
__HbitbssCOMMON                bitbssCOMMON 0000
__HbssBANK0                    bssBANK0     0000
__HbssBANK1                    bssBANK1     0000
__HbssCOMMON                   bssCOMMON    0000
__Hcinit                       cinit        0000
__Hclrtext                     clrtext      0000
__Hcode                        code         0000
__Hcommon                      common       0000
__Hconfig                      config       2008
__HcstackBANK0                 cstackBANK0  0000
__HcstackBANK1                 cstackBANK1  0000
__HcstackCOMMON                cstackCOMMON 0000
__HdataBANK1                   dataBANK1    0000
__Heeprom_data                 eeprom_data  0000
__Hend_init                    end_init     0015
__Hfunctab                     functab      0000
__HidataBANK1                  idataBANK1   0000
__Hidloc                       idloc        0000
__Hinit                        init         0012
__Hinittext                    inittext     0000
__Hintentry                    intentry     0012
__Hmaintext                    maintext     0000
__Hpowerup                     powerup      0000
__Hram                         ram          0000
__Hreset_vec                   reset_vec    0003
__Hsfr0                        sfr0         0000
__Hsfr1                        sfr1         0000
__Hsfr2                        sfr2         0000
__Hsfr3                        sfr3         0000
__Hstrings                     strings      0000
__Htext                        text         0000
__Labs1                        abs1         0000
__Lbank0                       bank0        0000
__Lbank1                       bank1        0000
__Lbank2                       bank2        0000
__Lbank3                       bank3        0000
__LbitbssCOMMON                bitbssCOMMON 0000
__LbssBANK0                    bssBANK0     0000
__LbssBANK1                    bssBANK1     0000
__LbssCOMMON                   bssCOMMON    0000
__Lcinit                       cinit        0000
__Lclrtext                     clrtext      0000
__Lcode                        code         0000
__Lcommon                      common       0000
__Lconfig                      config       2007
__LcstackBANK0                 cstackBANK0  0000
__LcstackBANK1                 cstackBANK1  0000
__LcstackCOMMON                cstackCOMMON 0000
__LdataBANK1                   dataBANK1    0000
__Leeprom_data                 eeprom_data  0000
__Lend_init                    end_init     0012
__Lfunctab                     functab      0000
__LidataBANK1                  idataBANK1   0000
__Lidloc                       idloc        0000
__Linit                        init         0012
__Linittext                    inittext     0000
__Lintentry                    intentry     0004
__Lmaintext                    maintext     0000
__Lpowerup                     powerup      0000
__Lram                         ram          0000
__Lreset_vec                   reset_vec    0000
__Lsfr0                        sfr0         0000
__Lsfr1                        sfr1         0000
__Lsfr2                        sfr2         0000
__Lsfr3                        sfr3         0000
__Lstrings                     strings      0000
__Ltext                        text         0000
__S0                           (abs)        2008
__S1                           (abs)        00E4
__S2                           (abs)        0000
___awtoft                      text997      0E9D
___awtoft@c                    cstackBANK0  0036
___awtoft@sign                 cstackBANK0  003B
___ftadd                       text999      0431
___ftadd@exp1                  cstackBANK0  0058
___ftadd@exp2                  cstackBANK0  0057
___ftadd@f1                    cstackBANK0  004C
___ftadd@f2                    cstackBANK0  004F
___ftadd@sign                  cstackBANK0  0056
___ftmul                       text998      0577
___ftmul@cntr                  cstackBANK0  004A
___ftmul@exp                   cstackBANK0  0046
___ftmul@f1                    cstackBANK0  003C
___ftmul@f2                    cstackBANK0  003F
___ftmul@f3_as_product         cstackBANK0  0047
___ftmul@sign                  cstackBANK0  004B
___ftpack                      text1005     0F83
___ftpack@arg                  cstackBANK0  0020
___ftpack@exp                  cstackBANK0  0023
___ftpack@sign                 cstackBANK0  0024
___fttol                       text1004     0665
___fttol@exp1                  cstackBANK0  0035
___fttol@f1                    cstackBANK0  0028
___fttol@lval                  cstackBANK0  0031
___fttol@sign1                 cstackBANK0  0030
___wmul                        text1006     0E71
___wmul@multiplicand           cstackBANK0  0022
___wmul@multiplier             cstackBANK0  0020
___wmul@product                cstackBANK0  0024
__end_of_Delay_ms              text1000     0E07
__end_of_Encoder_Init          text1009     0D82
__end_of_LCD1602_Delay         text1017     0E23
__end_of_LCD1602_GPIO_Init     text1016     0D5C
__end_of_LCD1602_Init          text996      0E4A
__end_of_LCD1602_WriteCommand  text1003     0DA3
__end_of_LCD1602_WriteData     text1002     0DB4
__end_of_LCD1602_WriteString   text995      0F83
__end_of_Motor_CCP_PWM_Init    text1014     0DDB
__end_of_Motor_GPIO_Init       text1015     0D65
__end_of_Motor_Speed_Set       text1013     0F3B
__end_of_Service               text1018     0F00
__end_of_Start_PD              text1007     0795
__end_of_Trace_PID             text994      0431
__end_of_Usart_GPIO_Init       text1011     0D4B
__end_of_Usart_Init            text1010     0D92
__end_of___awtoft              text997      0EC9
__end_of___ftadd               text999      0577
__end_of___ftmul               text998      0665
__end_of___ftpack              text1005     1000
__end_of___fttol               text1004     070B
__end_of___wmul                text1006     0E9D
__end_of_csb_init              text1008     0DF0
__end_of_main                  maintext     0298
__end_of_printf                text1001     07ED
__end_of_putch                 text1012     0D73
__pbitbssCOMMON                bitbssCOMMON 03C8
__pbssBANK0                    bssBANK0     0063
__pbssBANK1                    bssBANK1     00A0
__pbssCOMMON                   bssCOMMON    0075
__pcstackBANK0                 cstackBANK0  0020
__pcstackBANK1                 cstackBANK1  00E0
__pcstackCOMMON                cstackCOMMON 0070
__pdataBANK1                   dataBANK1    00CD
__pidataBANK1                  idataBANK1   07ED
__pintentry                    intentry     0004
__pmaintext                    maintext     0015
__pstrings                     strings      0800
__ptext1000                    text1000     0DF0
__ptext1001                    text1001     0795
__ptext1002                    text1002     0DA3
__ptext1003                    text1003     0D92
__ptext1004                    text1004     0665
__ptext1005                    text1005     0F83
__ptext1006                    text1006     0E71
__ptext1007                    text1007     070B
__ptext1008                    text1008     0DDB
__ptext1009                    text1009     0D73
__ptext1010                    text1010     0D82
__ptext1011                    text1011     0D46
__ptext1012                    text1012     0D65
__ptext1013                    text1013     0F00
__ptext1014                    text1014     0DC7
__ptext1015                    text1015     0D5C
__ptext1016                    text1016     0D53
__ptext1017                    text1017     0E07
__ptext1018                    text1018     0EC9
__ptext1019                    text1019     0000
__ptext994                     text994      0298
__ptext995                     text995      0F3B
__ptext996                     text996      0E23
__ptext997                     text997      0E9D
__ptext998                     text998      0577
__ptext999                     text999      0431
__size_of_Delay_ms             (abs)        0000
__size_of_Encoder_Init         (abs)        0000
__size_of_LCD1602_Delay        (abs)        0000
__size_of_LCD1602_GPIO_Init    (abs)        0000
__size_of_LCD1602_Init         (abs)        0000
__size_of_LCD1602_WriteCommand (abs)        0000
__size_of_LCD1602_WriteData    (abs)        0000
__size_of_LCD1602_WriteString  (abs)        0000
__size_of_Motor_CCP_PWM_Init   (abs)        0000
__size_of_Motor_GPIO_Init      (abs)        0000
__size_of_Motor_Speed_Set      (abs)        0000
__size_of_Service              (abs)        0000
__size_of_Start_PD             (abs)        0000
__size_of_Trace_PID            (abs)        0000
__size_of_Usart_GPIO_Init      (abs)        0000
__size_of_Usart_Init           (abs)        0000
__size_of___awtoft             (abs)        0000
__size_of___ftadd              (abs)        0000
__size_of___ftmul              (abs)        0000
__size_of___ftpack             (abs)        0000
__size_of___fttol              (abs)        0000
__size_of___wmul               (abs)        0000
__size_of_csb_init             (abs)        0000
__size_of_main                 (abs)        0000
__size_of_printf               (abs)        0000
__size_of_putch                (abs)        0000
_bluetooth                     bssCOMMON    0075
_csb_init                      text1008     0DDB
_dis                           bssBANK1     00BA
_distance                      bssBANK1     00BC
_err_difference                bssBANK1     00BE
_exit                          init         0012
_last_err                      bssBANK1     00C0
_m                             bssBANK1     00CC
_main                          maintext     0015
_mod                           bssCOMMON    0076
_nRBPU                         (abs)        040F
_odomoter_counter              bssBANK1     00C2
_printf                        text1001     0795
_putch                         text1012     0D65
_table                         dataBANK1    00CD
_turn_err                      bssBANK1     00C4
_x                             bssCOMMON    0077
_y                             bssCOMMON    0078
_yz                            bssBANK1     00A0
btemp                          (abs)        007E
clear_ram                      clrtext      0D4B
end_of_initialization          cinit        0E6D
init_fetch                     inittext     0DB4
init_ram                       inittext     0DB8
interrupt_function             intentry     0004
intlevel0                      functab      0000
intlevel1                      functab      0000
intlevel2                      functab      0000
intlevel3                      functab      0000
intlevel4                      functab      0000
intlevel5                      functab      0000
printf@ap                      cstackBANK0  0025
printf@c                       cstackBANK0  0027
printf@f                       cstackBANK0  0026
printf@flag                    cstackBANK0  0024
putch@ch                       cstackBANK0  0020
reset_vec                      reset_vec    0000
saved_w                        (abs)        007E
start                          init         0012
start_initialization           cinit        0E4A
wtemp0                         (abs)        007E
