HI-TECH Software C Compiler 

Linker command line:

--edf=C:\Program Files (x86)\HI-TECH Software\PICC\9.82\dat\en_msgs.txt -cs \
  -h+202121365038.sym -z -Q16F877A -ol.obj -M202121365038.map -E1 \
  -ACONST=00h-0FFhx32 -ACODE=00h-07FFhx4 -ASTRCODE=00h-01FFFh \
  -AENTRY=00h-0FFhx32 -ASTRING=00h-0FFhx32 -ABANK0=020h-06Fh \
  -ABANK1=0A0h-0EFh -ABANK2=0110h-016Fh -ABANK3=0190h-01EFh \
  -ARAM=020h-06Fh,0A0h-0EFh,0110h-016Fh,0190h-01EFh \
  -AABS1=020h-07Fh,0A0h-0EFh,0110h-016Fh,0190h-01EFh -ACOMMON=070h-07Fh \
  -ASFR0=00h-01Fh -ASFR1=080h-09Fh -ASFR2=0100h-010Fh -ASFR3=0180h-018Fh \
  -preset_vec=00h,intentry=04h,init,end_init -ppowerup=CODE -pfunctab=CODE \
  -ACONFIG=02007h-02007h -pconfig=CONFIG -DCONFIG=2 -AIDLOC=02000h-02003h \
  -pidloc=IDLOC -DIDLOC=2 -AEEDATA=00h-0FFh/02100h -peeprom_data=EEDATA \
  -DEEDATA=2 -DCODE=2 -DSTRCODE=2 -DSTRING=2 -DCONST=2 -DENTRY=2 -k \
  startup.obj 202121365038.obj 

Object code version is 3.10

Machine type is 16F877A



                Name                               Link     Load   Length Selector   Space Scale
startup.obj     end_init                             12       12        3        8       0
                reset_vec                             0        0        3        0       0
202121365038.obj
                intentry                              4        4        E        8       0
                config                             2007     2007        1     400E       0
                text515                              15       15       60        8       0
                text514                             1B7      1B7        9      36E       0
                text513                             15D      15D       14        8       0
                text512                              C3       C3       3B        8       0
                text511                             1C8      1C8        5      36E       0
                text510                             184      184       10        8       0
                text509                             194      194        F        8       0
                text508                             1A3      1A3        B        8       0
                text507                             134      134       15        8       0
                text506                             11D      11D       17        8       0
                maintext                             75       75       4E        8       0
                cstackBANK0                          51       51        8       20       1
                cstackCOMMON                         70       70        5       70       1
                inittext                            171      171       13        8       0
                clrtext                             1C0      1C0        8      36E       0
                dataBANK0                            3D       3D       14       20       1
                bssBANK0                             20       20       1D       20       1
                bssCOMMON                            75       75        4       70       1
                bitbssCOMMON                        3C8       79        1       70       1     8
                cinit                                FE       FE       1F        8       0
                strings                             1AE      1AE        9      35C       0
                idataBANK0                          149      149       14        8       0

TOTAL           Name                               Link     Load   Length     Space
        CLASS   CONST          

        CLASS   CODE           
                end_init                             12       12        3         0
                intentry                              4        4        E         0
                reset_vec                             0        0        3         0
                text515                              15       15       60         0
                text514                             1B7      1B7        9         0
                text513                             15D      15D       14         0
                text512                              C3       C3       3B         0
                text511                             1C8      1C8        5         0
                text510                             184      184       10         0
                text509                             194      194        F         0
                text508                             1A3      1A3        B         0
                text507                             134      134       15         0
                text506                             11D      11D       17         0
                maintext                             75       75       4E         0
                inittext                            171      171       13         0
                clrtext                             1C0      1C0        8         0
                cinit                                FE       FE       1F         0
                idataBANK0                          149      149       14         0

        CLASS   STRCODE        

        CLASS   ENTRY          

        CLASS   STRING         
                strings                             1AE      1AE        9         0

        CLASS   BANK0          
                cstackBANK0                          51       51        8         1
                dataBANK0                            3D       3D       14         1
                bssBANK0                             20       20       1D         1

        CLASS   BANK1          

        CLASS   BANK2          

        CLASS   BANK3          

        CLASS   RAM            

        CLASS   ABS1           
                abs_s1                               7E       7E        2         1

        CLASS   COMMON         
                cstackCOMMON                         70       70        5         1
                bssCOMMON                            75       75        4         1
                bitbssCOMMON                        3C8       79        1         1

        CLASS   SFR0           

        CLASS   SFR1           

        CLASS   SFR2           

        CLASS   SFR3           

        CLASS   CONFIG         
                config                             2007     2007        1         0

        CLASS   IDLOC          

        CLASS   EEDATA         



SEGMENTS        Name                           Load    Length   Top    Selector   Space  Class     Delta

                reset_vec                      000000  000003  000003         0       0  CODE        2
                intentry                       000004  0001AA  0001AE         8       0  CODE        2
                bssBANK0                       000020  000039  000059        20       1  BANK0       1
                cstackCOMMON                   000070  00000A  00007A        70       1  COMMON      1
                strings                        0001AE  000009  0001B7       35C       0  STRING      2
                text514                        0001B7  000016  0001CD       36E       0  CODE        2
                config                         002007  000001  002008      400E       0  CONFIG      2


UNUSED ADDRESS RANGES

        Name                Unused          Largest block    Delta
        BANK0            0059-006F             17           1
        BANK1            00A0-00EF             50           1
        BANK2            0110-016F             60           1
        BANK3            0190-01EF             60           1
        CODE             0003-0003              1           2
                         01CD-1FFF            800
        COMMON           007A-007D              4           1
        CONST            0003-0003              1           2
                         01CD-1FFF            100
        EEDATA           2100-21FF            100           2
        ENTRY            0003-0003              1           2
                         01CD-1FFF            100
        IDLOC            2000-2003              4           2
        RAM              0059-006F             17           1
                         00A0-00EF             50
                         0110-016F             60
                         0190-01EF             60
        SFR0             0000-001F             20           1
        SFR1             0080-009F             20           1
        SFR2             0100-010F             10           1
        SFR3             0180-018F             10           1
        STRCODE          0003-0003              1           2
                         01CD-1FFF           1E33
        STRING           0003-0003              1           2
                         01CD-1FFF            100

                                  Symbol Table

??_Delay_ms                  cstackBANK0  0053
??_Encoder_Init              cstackBANK0  0051
??_Motor_CCP_PWM_Init        cstackBANK0  0051
??_Motor_GPIO_Init           cstackBANK0  0051
??_Motor_Speed_Set           cstackBANK0  0055
??_Service                   cstackCOMMON 0070
??_Trace_GPIO_Init           cstackBANK0  0051
??_Usart_GPIO_Init           cstackBANK0  0051
??_Usart_Init                cstackBANK0  0051
??_csb_init                  cstackBANK0  0051
??_main                      cstackBANK0  0055
?_Delay_ms                   cstackBANK0  0051
?_Encoder_Init               cstackCOMMON 0070
?_Motor_CCP_PWM_Init         cstackCOMMON 0070
?_Motor_GPIO_Init            cstackCOMMON 0070
?_Motor_Speed_Set            cstackBANK0  0051
?_Service                    cstackCOMMON 0070
?_Trace_GPIO_Init            cstackCOMMON 0070
?_Usart_GPIO_Init            cstackCOMMON 0070
?_Usart_Init                 cstackCOMMON 0070
?_csb_init                   cstackCOMMON 0070
?_main                       cstackCOMMON 0070
Delay_ms@x                   cstackBANK0  0051
Motor_Speed_Set@Speed1       cstackBANK0  0051
Motor_Speed_Set@Speed2       cstackBANK0  0053
_ADCON1                      (abs)        009F
_Bifurcate_Flag              bssBANK0     0030
_CARRY                       (abs)        0018
_CCP1CON                     (abs)        0017
_CCP2CON                     (abs)        001D
_CCPR1L                      (abs)        0015
_CCPR2L                      (abs)        001B
_Circle_Mode                 bssBANK0     0031
_Counter_temp                bssBANK0     0020
_Delay_ms                    text506      011D
_EEADR                       (abs)        010D
_EECON1                      (abs)        018C
_EECON2                      (abs)        018D
_EEDATA                      (abs)        010C
_Encoder_Counter             bssBANK0     0022
_Encoder_Init                text509      0194
_GIE                         (abs)        005F
_INTE                        (abs)        005C
_INTF                        (abs)        0059
_IO_flag                     bssBANK0     0032
_Kd                          bssBANK0     0024
_Key_Val                     bssBANK0     0033
_Kp                          dataBANK0    004D
_Motor_CCP_PWM_Init          text513      015D
_Motor_Flag                  bssBANK0     0034
_Motor_GPIO_Init             text514      01B7
_Motor_Speed_Set             text512      00C3
_OPTION_REG                  (abs)        0081
_PEIE                        (abs)        005E
_PORTB                       (abs)        0006
_PORTD                       (abs)        0008
_PR2                         (abs)        0092
_RA0                         (abs)        0028
_RA1                         (abs)        0029
_RA2                         (abs)        002A
_RA3                         (abs)        002B
_RA4                         (abs)        002C
_RA5                         (abs)        002D
_RB4                         (abs)        0034
_RB5                         (abs)        0035
_RB6                         (abs)        0036
_RB7                         (abs)        0037
_RBIE                        (abs)        005B
_RBIF                        (abs)        0058
_RBIF_FLAG                   bitbssCOMMON 03C8
_RC0                         (abs)        0038
_RC3                         (abs)        003B
_RC4                         (abs)        003C
_RC5                         (abs)        003D
_RCIE                        (abs)        0465
_RCIF                        (abs)        0065
_RCREG                       (abs)        001A
_RCSTA                       (abs)        0018
_RD                          (abs)        0C60
_RE0                         (abs)        0048
_RE1                         (abs)        0049
_RE2                         (abs)        004A
_SPBRG                       (abs)        0099
_Service                     text515      0015
_Speed_Velcolity             dataBANK0    0050
_Speed_left                  bssBANK0     0035
_Speed_measure1              bssBANK0     0036
_Speed_measure2              bssBANK0     0037
_Speed_right                 bssBANK0     0038
_Start_Find_flag             bssBANK0     0039
_Stop_Flag                   bssBANK0     003A
_T0IE                        (abs)        005D
_T0IF                        (abs)        005A
_T1CON                       (abs)        0010
_T2CON                       (abs)        0012
_TMR0                        (abs)        0001
_TMR1H                       (abs)        000F
_TMR1IE                      (abs)        0460
_TMR1IF                      (abs)        0060
_TMR1L                       (abs)        000E
_TMR1ON                      (abs)        0080
_TMR2                        (abs)        0011
_TMR2IE                      (abs)        0461
_TMR2IF                      (abs)        0061
_TMR2ON                      (abs)        0092
_TRISA0                      (abs)        0428
_TRISA1                      (abs)        0429
_TRISA2                      (abs)        042A
_TRISA3                      (abs)        042B
_TRISA4                      (abs)        042C
_TRISA5                      (abs)        042D
_TRISB                       (abs)        0086
_TRISB0                      (abs)        0430
_TRISB1                      (abs)        0431
_TRISB4                      (abs)        0434
_TRISB5                      (abs)        0435
_TRISB6                      (abs)        0436
_TRISB7                      (abs)        0437
_TRISC0                      (abs)        0438
_TRISC1                      (abs)        0439
_TRISC2                      (abs)        043A
_TRISC3                      (abs)        043B
_TRISC4                      (abs)        043C
_TRISC5                      (abs)        043D
_TRISC6                      (abs)        043E
_TRISC7                      (abs)        043F
_TRISD                       (abs)        0088
_TRISE0                      (abs)        0448
_TRISE1                      (abs)        0449
_TRISE2                      (abs)        044A
_TRMT                        (abs)        04C1
_TXREG                       (abs)        0019
_TXSTA                       (abs)        0098
_Timer0_Counter              bssBANK0     0026
_Trace_Byte                  bssBANK0     003B
_Trace_GPIO_Init             text508      01A3
_Turn_PWM                    bssBANK0     003C
_Usart_GPIO_Init             text511      01C8
_Usart_Init                  text510      0184
_WR                          (abs)        0C61
_WREN                        (abs)        0C62
__Habs1                      abs1         0000
__Hbank0                     bank0        0000
__Hbank1                     bank1        0000
__Hbank2                     bank2        0000
__Hbank3                     bank3        0000
__HbitbssCOMMON              bitbssCOMMON 0000
__HbssBANK0                  bssBANK0     0000
__HbssCOMMON                 bssCOMMON    0000
__Hcinit                     cinit        0000
__Hclrtext                   clrtext      0000
__Hcode                      code         0000
__Hcommon                    common       0000
__Hconfig                    config       2008
__HcstackBANK0               cstackBANK0  0000
__HcstackCOMMON              cstackCOMMON 0000
__HdataBANK0                 dataBANK0    0000
__Heeprom_data               eeprom_data  0000
__Hend_init                  end_init     0015
__Hfunctab                   functab      0000
__HidataBANK0                idataBANK0   0000
__Hidloc                     idloc        0000
__Hinit                      init         0012
__Hinittext                  inittext     0000
__Hintentry                  intentry     0012
__Hmaintext                  maintext     0000
__Hpowerup                   powerup      0000
__Hram                       ram          0000
__Hreset_vec                 reset_vec    0003
__Hsfr0                      sfr0         0000
__Hsfr1                      sfr1         0000
__Hsfr2                      sfr2         0000
__Hsfr3                      sfr3         0000
__Hstrings                   strings      0000
__Htext                      text         0000
__Labs1                      abs1         0000
__Lbank0                     bank0        0000
__Lbank1                     bank1        0000
__Lbank2                     bank2        0000
__Lbank3                     bank3        0000
__LbitbssCOMMON              bitbssCOMMON 0000
__LbssBANK0                  bssBANK0     0000
__LbssCOMMON                 bssCOMMON    0000
__Lcinit                     cinit        0000
__Lclrtext                   clrtext      0000
__Lcode                      code         0000
__Lcommon                    common       0000
__Lconfig                    config       2007
__LcstackBANK0               cstackBANK0  0000
__LcstackCOMMON              cstackCOMMON 0000
__LdataBANK0                 dataBANK0    0000
__Leeprom_data               eeprom_data  0000
__Lend_init                  end_init     0012
__Lfunctab                   functab      0000
__LidataBANK0                idataBANK0   0000
__Lidloc                     idloc        0000
__Linit                      init         0012
__Linittext                  inittext     0000
__Lintentry                  intentry     0004
__Lmaintext                  maintext     0000
__Lpowerup                   powerup      0000
__Lram                       ram          0000
__Lreset_vec                 reset_vec    0000
__Lsfr0                      sfr0         0000
__Lsfr1                      sfr1         0000
__Lsfr2                      sfr2         0000
__Lsfr3                      sfr3         0000
__Lstrings                   strings      0000
__Ltext                      text         0000
__S0                         (abs)        2008
__S1                         (abs)        007A
__S2                         (abs)        0000
__end_of_Delay_ms            text506      0134
__end_of_Encoder_Init        text509      01A3
__end_of_Motor_CCP_PWM_Init  text513      0171
__end_of_Motor_GPIO_Init     text514      01C0
__end_of_Motor_Speed_Set     text512      00FE
__end_of_Service             text515      0075
__end_of_Trace_GPIO_Init     text508      01AE
__end_of_Usart_GPIO_Init     text511      01CD
__end_of_Usart_Init          text510      0194
__end_of_csb_init            text507      0149
__end_of_main                maintext     00C3
__pbitbssCOMMON              bitbssCOMMON 03C8
__pbssBANK0                  bssBANK0     0020
__pbssCOMMON                 bssCOMMON    0075
__pcstackBANK0               cstackBANK0  0051
__pcstackCOMMON              cstackCOMMON 0070
__pdataBANK0                 dataBANK0    003D
__pidataBANK0                idataBANK0   0149
__pintentry                  intentry     0004
__pmaintext                  maintext     0075
__pstrings                   strings      01AE
__ptext506                   text506      011D
__ptext507                   text507      0134
__ptext508                   text508      01A3
__ptext509                   text509      0194
__ptext510                   text510      0184
__ptext511                   text511      01C8
__ptext512                   text512      00C3
__ptext513                   text513      015D
__ptext514                   text514      01B7
__ptext515                   text515      0015
__ptext516                   text516      0000
__size_of_Delay_ms           (abs)        0000
__size_of_Encoder_Init       (abs)        0000
__size_of_Motor_CCP_PWM_Init (abs)        0000
__size_of_Motor_GPIO_Init    (abs)        0000
__size_of_Motor_Speed_Set    (abs)        0000
__size_of_Service            (abs)        0000
__size_of_Trace_GPIO_Init    (abs)        0000
__size_of_Usart_GPIO_Init    (abs)        0000
__size_of_Usart_Init         (abs)        0000
__size_of_csb_init           (abs)        0000
__size_of_main               (abs)        0000
_bluetooth                   bssCOMMON    0075
_csb_init                    text507      0134
_dis                         bssBANK0     0028
_err_difference              bssBANK0     002A
_exit                        init         0012
_last_err                    bssBANK0     002C
_main                        maintext     0075
_nRBPU                       (abs)        040F
_recv_data                   bssCOMMON    0076
_table                       dataBANK0    003D
_turn_err                    bssBANK0     002E
_x                           bssCOMMON    0077
_y                           bssCOMMON    0078
btemp                        (abs)        007E
clear_ram                    clrtext      01C0
end_of_initialization        cinit        0119
init_fetch                   inittext     0171
init_ram                     inittext     0175
interrupt_function           intentry     0004
intlevel0                    functab      0000
intlevel1                    functab      0000
intlevel2                    functab      0000
intlevel3                    functab      0000
intlevel4                    functab      0000
intlevel5                    functab      0000
reset_vec                    reset_vec    0000
saved_w                      (abs)        007E
start                        init         0012
start_initialization         cinit        00FE
wtemp0                       (abs)        007E
